// Jest Snapshot v1, https://goo.gl/fbAQLP

exports[`should throw matching error snapshot 1`] = `"Price cannot be negative"`;

exports[`should throw matching error snapshot for getDiscountAmount 1`] = `"Price cannot be negative"`;
